// Vitest Snapshot v1, https://vitest.dev/guide/snapshot.html

exports[`replay > union-station-poison.json gives the same problems as before 1`] = `
{
  "brief": [],
  "cast": [],
  "check": [],
  "city": [],
  "crime": [],
  "estimate": [],
  "evidence": [],
  "facts": [],
  "lies": [],
  "scripts": [],
  "story": [],
  "text": [],
  "timeline": [],
}
`;
